I'm sorry, but errors were detected in your script. Please correct the
errors listed below, and try again.


File "game/script.rpy", line 25: expected statement.
    <<<<<<< HEAD
                ^

File "game/script.rpy", line 28: expected statement.
    =======
          ^

File "game/script.rpy", line 29: expected statement.
    >>>>>>> 240f2812dcf8d33b2350fb62eb092706f1a2307f
                                                    ^

Ren'Py Version: Ren'Py 6.99.7.858
